// Vitest Snapshot v1

exports[`The header match snapshot > The header match snapshot 1`] = `
VueWrapper {
  "__app": {
    "_component": {
      "name": "VTU_ROOT",
      "render": [Function],
    },
    "_container": <div
      data-v-app=""
    >
      <header
        class="header flex"
      >
        <div
          class="pageLogo m-6"
        >
          <a
            href="/"
          >
            <span
              class="border-5 border-blue-500/50 font-serif p-3"
            >
              MeanMessenger
            </span>
          </a>
        </div>
      </header>
    </div>,
    "_context": {
      "app": [Circular],
      "components": {
        "transition": {
          "name": "transition",
        },
        "transition-group": {
          "name": "transition-group",
        },
      },
      "config": {
        "compilerOptions": {},
        "errorHandler": undefined,
        "globalProperties": {},
        "isNativeTag": [Function],
        "optionMergeStrategies": {},
        "performance": false,
        "warnHandler": undefined,
      },
      "directives": {},
      "emitsCache": WeakMap {},
      "mixins": [
        {
          "beforeCreate": [Function],
        },
      ],
      "optionsCache": WeakMap {},
      "propsCache": WeakMap {},
      "provides": {},
      "reload": [Function],
    },
    "_instance": {
      "a": null,
      "accessCache": {},
      "appContext": {
        "app": [Circular],
        "components": {
          "transition": {
            "name": "transition",
          },
          "transition-group": {
            "name": "transition-group",
          },
        },
        "config": {
          "compilerOptions": {},
          "errorHandler": undefined,
          "globalProperties": {},
          "isNativeTag": [Function],
          "optionMergeStrategies": {},
          "performance": false,
          "warnHandler": undefined,
        },
        "directives": {},
        "emitsCache": WeakMap {},
        "mixins": [
          {
            "beforeCreate": [Function],
          },
        ],
        "optionsCache": WeakMap {},
        "propsCache": WeakMap {},
        "provides": {},
        "reload": [Function],
      },
      "asyncDep": null,
      "asyncResolved": false,
      "attrs": {},
      "bc": null,
      "bm": null,
      "bu": null,
      "bum": null,
      "c": null,
      "components": null,
      "ctx": {},
      "da": null,
      "data": {},
      "directives": null,
      "ec": null,
      "effect": ReactiveEffect {
        "active": true,
        "allowRecurse": true,
        "deps": [
          Set {
            [Circular],
          },
          Set {
            [Circular],
          },
          Set {
            [Circular],
          },
        ],
        "fn": [Function],
        "onTrack": undefined,
        "onTrigger": undefined,
        "parent": undefined,
        "scheduler": [Function],
      },
      "emit": [Function],
      "emitsOptions": null,
      "emitted": null,
      "exposeProxy": null,
      "exposed": null,
      "inheritAttrs": undefined,
      "isDeactivated": false,
      "isMounted": true,
      "isUnmounted": false,
      "m": null,
      "next": null,
      "parent": null,
      "props": {},
      "propsDefaults": {},
      "propsOptions": [
        {},
        [],
      ],
      "provides": {},
      "proxy": {},
      "refs": {
        "VTU_COMPONENT": {
          "hasOwnProperty": [Function],
        },
      },
      "render": [Function],
      "renderCache": [],
      "root": [Circular],
      "rtc": null,
      "rtg": null,
      "scope": EffectScope {
        "active": true,
        "cleanups": [],
        "effects": [
          ReactiveEffect {
            "active": true,
            "allowRecurse": true,
            "deps": [
              Set {
                [Circular],
              },
              Set {
                [Circular],
              },
              Set {
                [Circular],
              },
            ],
            "fn": [Function],
            "onTrack": undefined,
            "onTrigger": undefined,
            "parent": undefined,
            "scheduler": [Function],
          },
        ],
      },
      "setupContext": null,
      "setupState": {},
      "slots": {},
      "sp": null,
      "subTree": {
        "__v_isVNode": true,
        "__v_skip": true,
        "anchor": null,
        "appContext": null,
        "children": null,
        "component": {
          "a": null,
          "accessCache": {
            "@@__IMMUTABLE_ITERABLE__@@": 0,
            "@@__IMMUTABLE_RECORD__@@": 0,
            "_isMockFunction": 0,
            "constructor": 0,
            "hasOwnProperty": 4,
            "toJSON": 0,
            Symbol(Symbol.toStringTag): 0,
          },
          "appContext": {
            "app": [Circular],
            "components": {
              "transition": {
                "name": "transition",
              },
              "transition-group": {
                "name": "transition-group",
              },
            },
            "config": {
              "compilerOptions": {},
              "errorHandler": undefined,
              "globalProperties": {},
              "isNativeTag": [Function],
              "optionMergeStrategies": {},
              "performance": false,
              "warnHandler": undefined,
            },
            "directives": {},
            "emitsCache": WeakMap {},
            "mixins": [
              {
                "beforeCreate": [Function],
              },
            ],
            "optionsCache": WeakMap {},
            "propsCache": WeakMap {},
            "provides": {},
            "reload": [Function],
          },
          "asyncDep": null,
          "asyncResolved": false,
          "attrs": {},
          "bc": null,
          "bm": null,
          "bu": null,
          "bum": null,
          "c": null,
          "components": {},
          "ctx": {
            "hasOwnProperty": [Function],
          },
          "da": null,
          "data": {},
          "directives": null,
          "ec": null,
          "effect": ReactiveEffect {
            "active": true,
            "allowRecurse": true,
            "deps": [],
            "fn": [Function],
            "onTrack": undefined,
            "onTrigger": undefined,
            "parent": undefined,
            "scheduler": [Function],
          },
          "emit": [Function],
          "emitsOptions": null,
          "emitted": null,
          "exposeProxy": null,
          "exposed": null,
          "inheritAttrs": undefined,
          "isDeactivated": false,
          "isMounted": true,
          "isUnmounted": false,
          "m": null,
          "next": null,
          "parent": [Circular],
          "props": {},
          "propsDefaults": {},
          "propsOptions": [
            {},
            [],
          ],
          "provides": {},
          "proxy": {
            "hasOwnProperty": [Function],
          },
          "refs": {},
          "render": [Function],
          "renderCache": [],
          "root": [Circular],
          "rtc": null,
          "rtg": null,
          "scope": EffectScope {
            "active": true,
            "cleanups": [],
            "effects": [
              ReactiveEffect {
                "active": true,
                "allowRecurse": true,
                "deps": [],
                "fn": [Function],
                "onTrack": undefined,
                "onTrigger": undefined,
                "parent": undefined,
                "scheduler": [Function],
              },
            ],
          },
          "setupContext": null,
          "setupState": {},
          "slots": {},
          "sp": null,
          "subTree": {
            "__v_isVNode": true,
            "__v_skip": true,
            "anchor": null,
            "appContext": null,
            "children": [
              {
                "__v_isVNode": true,
                "__v_skip": true,
                "anchor": null,
                "appContext": null,
                "children": [
                  {
                    "__v_isVNode": true,
                    "__v_skip": true,
                    "anchor": null,
                    "appContext": null,
                    "children": [
                      {
                        "__v_isVNode": true,
                        "__v_skip": true,
                        "anchor": null,
                        "appContext": null,
                        "children": "MeanMessenger",
                        "component": null,
                        "dirs": null,
                        "dynamicChildren": null,
                        "dynamicProps": null,
                        "el": <span
                          class="border-5 border-blue-500/50 font-serif p-3"
                        >
                          MeanMessenger
                        </span>,
                        "key": null,
                        "patchFlag": 0,
                        "props": {
                          "class": "border-5 border-blue-500/50 font-serif p-3",
                        },
                        "ref": null,
                        "scopeId": null,
                        "shapeFlag": 9,
                        "slotScopeIds": null,
                        "ssContent": null,
                        "ssFallback": null,
                        "staticCount": 0,
                        "suspense": null,
                        "target": null,
                        "targetAnchor": null,
                        "transition": null,
                        "type": "span",
                      },
                    ],
                    "component": null,
                    "dirs": null,
                    "dynamicChildren": null,
                    "dynamicProps": null,
                    "el": <a
                      href="/"
                    >
                      <span
                        class="border-5 border-blue-500/50 font-serif p-3"
                      >
                        MeanMessenger
                      </span>
                    </a>,
                    "key": null,
                    "patchFlag": 0,
                    "props": {
                      "href": "/",
                    },
                    "ref": null,
                    "scopeId": null,
                    "shapeFlag": 17,
                    "slotScopeIds": null,
                    "ssContent": null,
                    "ssFallback": null,
                    "staticCount": 0,
                    "suspense": null,
                    "target": null,
                    "targetAnchor": null,
                    "transition": null,
                    "type": "a",
                  },
                ],
                "component": null,
                "dirs": null,
                "dynamicChildren": null,
                "dynamicProps": null,
                "el": <div
                  class="pageLogo m-6"
                >
                  <a
                    href="/"
                  >
                    <span
                      class="border-5 border-blue-500/50 font-serif p-3"
                    >
                      MeanMessenger
                    </span>
                  </a>
                </div>,
                "key": null,
                "patchFlag": -1,
                "props": {
                  "class": "pageLogo m-6",
                },
                "ref": null,
                "scopeId": null,
                "shapeFlag": 17,
                "slotScopeIds": null,
                "ssContent": null,
                "ssFallback": null,
                "staticCount": 0,
                "suspense": null,
                "target": null,
                "targetAnchor": null,
                "transition": null,
                "type": "div",
              },
            ],
            "component": null,
            "dirs": null,
            "dynamicChildren": [],
            "dynamicProps": null,
            "el": <header
              class="header flex"
            >
              <div
                class="pageLogo m-6"
              >
                <a
                  href="/"
                >
                  <span
                    class="border-5 border-blue-500/50 font-serif p-3"
                  >
                    MeanMessenger
                  </span>
                </a>
              </div>
            </header>,
            "key": null,
            "patchFlag": 0,
            "props": {
              "class": "header flex",
            },
            "ref": null,
            "scopeId": null,
            "shapeFlag": 17,
            "slotScopeIds": null,
            "ssContent": null,
            "ssFallback": null,
            "staticCount": 0,
            "suspense": null,
            "target": null,
            "targetAnchor": null,
            "transition": null,
            "type": "header",
          },
          "suspense": null,
          "suspenseId": 0,
          "type": {
            "__file": "D:/93-mean/src/components/TheHeader.vue",
            "components": {},
            "render": [Function],
          },
          "u": null,
          "uid": 1,
          "um": null,
          "update": [Function],
          "vnode": [Circular],
          "withProxy": null,
        },
        "dirs": null,
        "dynamicChildren": null,
        "dynamicProps": null,
        "el": <header
          class="header flex"
        >
          <div
            class="pageLogo m-6"
          >
            <a
              href="/"
            >
              <span
                class="border-5 border-blue-500/50 font-serif p-3"
              >
                MeanMessenger
              </span>
            </a>
          </div>
        </header>,
        "key": null,
        "patchFlag": 0,
        "props": {
          "ref": "VTU_COMPONENT",
        },
        "ref": {
          "f": false,
          "i": [Circular],
          "k": undefined,
          "r": "VTU_COMPONENT",
        },
        "scopeId": null,
        "shapeFlag": 4,
        "slotScopeIds": null,
        "ssContent": null,
        "ssFallback": null,
        "staticCount": 0,
        "suspense": null,
        "target": null,
        "targetAnchor": null,
        "transition": null,
        "type": {
          "__file": "D:/93-mean/src/components/TheHeader.vue",
          "components": {},
          "render": [Function],
        },
      },
      "suspense": null,
      "suspenseId": 0,
      "type": {
        "name": "VTU_ROOT",
        "render": [Function],
      },
      "u": null,
      "uid": 0,
      "um": null,
      "update": [Function],
      "vnode": {
        "__v_isVNode": true,
        "__v_skip": true,
        "anchor": null,
        "appContext": {
          "app": [Circular],
          "components": {
            "transition": {
              "name": "transition",
            },
            "transition-group": {
              "name": "transition-group",
            },
          },
          "config": {
            "compilerOptions": {},
            "errorHandler": undefined,
            "globalProperties": {},
            "isNativeTag": [Function],
            "optionMergeStrategies": {},
            "performance": false,
            "warnHandler": undefined,
          },
          "directives": {},
          "emitsCache": WeakMap {},
          "mixins": [
            {
              "beforeCreate": [Function],
            },
          ],
          "optionsCache": WeakMap {},
          "propsCache": WeakMap {},
          "provides": {},
          "reload": [Function],
        },
        "children": null,
        "component": [Circular],
        "dirs": null,
        "dynamicChildren": null,
        "dynamicProps": null,
        "el": <header
          class="header flex"
        >
          <div
            class="pageLogo m-6"
          >
            <a
              href="/"
            >
              <span
                class="border-5 border-blue-500/50 font-serif p-3"
              >
                MeanMessenger
              </span>
            </a>
          </div>
        </header>,
        "key": null,
        "patchFlag": 0,
        "props": null,
        "ref": null,
        "scopeId": null,
        "shapeFlag": 4,
        "slotScopeIds": null,
        "ssContent": null,
        "ssFallback": null,
        "staticCount": 0,
        "suspense": null,
        "target": null,
        "targetAnchor": null,
        "transition": null,
        "type": {
          "name": "VTU_ROOT",
          "render": [Function],
        },
      },
      "withProxy": null,
    },
    "_props": null,
    "_uid": 0,
    "component": [Function],
    "config": {
      "compilerOptions": {},
      "errorHandler": undefined,
      "globalProperties": {},
      "isNativeTag": [Function],
      "optionMergeStrategies": {},
      "performance": false,
      "warnHandler": undefined,
    },
    "directive": [Function],
    "mixin": [Function],
    "mount": [Function],
    "provide": [Function],
    "unmount": [Function],
    "use": [Function],
    "version": "3.2.37",
  },
  "__setProps": [Function],
  "componentVM": {
    "hasOwnProperty": [Function],
  },
  "isDisabled": [Function],
  "rootVM": {},
  "wrapperElement": <header
    class="header flex"
  >
    <div
      class="pageLogo m-6"
    >
      <a
        href="/"
      >
        <span
          class="border-5 border-blue-500/50 font-serif p-3"
        >
          MeanMessenger
        </span>
      </a>
    </div>
  </header>,
}
`;
